[dotenv@17.2.3] injecting env (0) from .env -- tip: ⚙️  write to custom object with { processEnv: myObject }
⚠️  No firebase service account found (checked env var, local file, and Render secrets). Relying on application default credentials.
ℹ️  GOOGLE_APPLICATION_CREDENTIALS not set. Relying on default credential detection (may work in GCP).
🔄 Initializing API Key Manager...

🔥 Starting blocking warmup phase...

⏳ Warming up Sharp and sanitizer...
⚡️ vertexImageService warmup: Initializing Sharp and internal helpers...
🧼 Sanitizing image format with Sharp...
⚡️ vertexImageService warmup: Sharp sanitizer initialized successfully.
✅ Sharp + sanitizer warmup complete.

⏳ Warming up Cloudinary DNS...
✅ Cloudinary DNS warmup complete.

⏳ Warming up DNS for files.rework.ink...
⚠️ DNS warmup for files.rework.ink failed: queryA ENOTFOUND files.rework.ink
⏳ Warming up DNS for cloudinary.com...
✅ DNS warmup for cloudinary.com complete.

🎯 Blocking warmup phase COMPLETE. Starting server...


⚡️ Server is running. local: http://localhost:3000  external: N/A
🔥 Firebase Admin initialized for project: unknown
📝 GOOGLE_APPLICATION_CREDENTIALS: not set

